1)
        (b)
        |                          (b)
        |      +------------------+
        |      |                  |
        |      |                  (out)
        |      |
        |      |
        |      |
        |      |
        |      +-----------+
        |      |           |
        |      |           |
        +------+---+       |
        |          |       |
        |          |       |
        |          +-------+------------<
        |
        |
        |
        (in)

2)
+--------------------+(b)
|                    |
|                    |
+---------------+    +---------------+
|               +----+               |
|                |                   |
|                |                   |
|                |                   |
+----------------+               +---+
|                |               |
|                |               |
|                |               |
|                +---------------+
|                                |
|                                |
                                 (out)

3)
                        +---------------+
                        |               |
                        |               |
                        |               |
                        |               |
                        |               |
                        |               |
      (b)---------------+-------+       |
                                |       |
                                |    +--+
                                |    |
+-------------------------------+    |
|                               |    |
|                               |    |
|                               |    |
|      (b)----------------------+    |
|                                    |
|                                    (out)
|
(in)

4)
+-----------------------------------------+
|                                         |
|                                         |
|                                         |
|                                         |
|                                         |
|               +---------------+---------+
|               |               |         |
|               |               |         |
|               |               |         |
|               |               |         |
|               |               |         |
|               |               +---------+-+
|               |                           |
|               |                           |
|               |                           |
|               |                           |
|               |                           (out)
|               |
|               |
|               +-----------------------<
|
(in)

