                          (room)
                          |
                          |                                  (!)
                          |                                  |
                          |                                  |
                          |                                  |
                          +----------------------------------+
                          |
                          |
                          |
                          +-------------+----------+--------(room)
                          |             |          |
                          |             |          |
                          |             |          |
                          |       +-----+----------+-----------(room)
                          |       |
                          |       |
                          |       |
                          |       |
                          |       |
                          (room)  |
                                  |
                                  |
                                  (in)
                                   /
                                  / 
                                 /  
                                /   
                               /    
                              /     
                             /      
                            /       
                           (out)        
                v           |
                |           |
                |           |                (b)
                |    +------++               |
               >+    |       |               |
                |    |       +---------------+
                |    |                        
                +----+                        
                |                             
                |                             
                +-+               (b)            
                  |               |           
                  |               |           
                  |               |           
           >------+---------------+---------(b)
                                  |           
                                  |           
                                  (in)           
