
                                                     (d)--+
     (!)---+                                              |
           |              /------/------------------+     |
           |(s)          X      /                   |     |
            \            /-----/                    |     |
             \          /  (b)----------------------+     |
         v   |         /                            |     |
         +---+---------        --------------------+------\
         |                    /    / \        /     \      X
         |            +--------+  X(b)X      /       \    / 
         |            |        |   \ /      /         \--/ 
         (b)          |        |    X      /            | 
                      |        |          /             +-------(b)
                +-----+--------+         /      
                |                       / 
                |                   X  / 
                 \                 / \/ 
                  \               /   \ (in)
                   X--------------+    
                  /               |    
                 (out)            (out)
