                                                                  \
                                                                   \                                                               (out)
                                                                    \                                                       X       /
                                                                     \                                                     / \     /
                                                                      \                                                   /   \   /
                                                                       \                                                 X     \ /
                                                                        \     X                                           \     X
                                                                         X   / \                                           \ 
                                                                        / \ /   \                                           \ 
                                                                       /   X     X                                           \ 
                                                                      /         /                                             X
                                                                     /         /                                             /
                                                                    X         X                                             /
                                                                   / \       / \                                           /
                                                                  /   \     /   \                                         /
                                                                 (b)   \   /     \                                        |
                                                                        \ /       (b)                                     |
                                                                         X                                                |
                                                                          \       X                                       |
                                                                           \     / \                 +--------------------+
                                                                            \   /   \                |
                                                                             \ /     \               |
                                                                              X    (out--------------+
                                                                                                     |
                                                                                                     |
                                                                                                     |
                                                                                                     |
                                                                                                     +---------------------------<
