
               +-------(!)
               |  +--+
               |  |  |
               |  |  |
          (out)+-/|\-+(out)
                  |
                  |
                   \
                +--------+
         +------+  /     |
         |   +-\   |     |
        (b)  +-----+-----+-----------+
               /                     |
         +----\|   +---+             |
         |  +--+   |   |             |
      (b)   | /----+   |             |
    (b)-----+----------+--------<   (out) (room)
                         +------+    |     |
                         |      |    |     |
                         |      |    |     |
                         |      |    |     |
                         |      |    +-----+
                         |      |    |
                         |      |    |
                         |      +----+
                         |                 (room)
                         |                  |
                         |                  |
                         +------------------+------+
                         |                         |
                         |                         |
                         |                         |
                         |                         |
                         +-----------(room)        |
